---
source: tests/cli_snapshots.rs
expression: "String::from_utf8(buf.into_inner()).unwrap()"
---
[{"schema":"faith.v1","ref":"KJV/JHN/3/16","translation":"KJV","book":"JHN","book_name":{"en":"John","pt":"João"},"chapter":3,"verse":16,"text":"For God so loved the world, that he gave his only begotten Son, that whosoever believeth in him should not perish, but have everlasting life.","lang":"en","dir":"ltr"},{"schema":"faith.v1","ref":"KJV/PSA/23/1","translation":"KJV","book":"PSA","book_name":{"en":"Psalms","pt":"Salmos"},"chapter":23,"verse":1,"text":"The LORD is my shepherd; I shall not want.","lang":"en","dir":"ltr"},{"schema":"faith.v1","ref":"KJV/ROM/8/28","translation":"KJV","book":"ROM","book_name":{"en":"Romans","pt":"Romanos"},"chapter":8,"verse":28,"text":"And we know that all things work together for good to them that love God.","lang":"en","dir":"ltr"},{"schema":"faith.v1","error":{"code":"E_REF_PARSE","message":"could not parse reference: \"Florbal 1:1\"","input":"Florbal 1:1"}}]
