---
source: tests/cli_snapshots.rs
expression: "String::from_utf8(buf.into_inner()).unwrap()"
---
{"schema":"faith.v1","kind":"book_info","translation":"KJV","book":{"usfm":"JHN","name":"John","book_name":{"en":"John","pt":"João"},"aliases":["john","jhn","jn","joh","jo","joão","joao"],"chapters":21,"verses_total":5,"testament":"NT","order":43}}
